// Jest Snapshot v1, https://goo.gl/fbAQLP

exports[`Playout API Basic rundown control 1`] = `
[
  {
    "_id": "mockStudio0",
    "generated": 12345,
    "generationVersions": {
      "blueprintId": "blueprint0",
      "blueprintVersion": "0.0.0",
      "core": "0.0.0-test",
      "studio": "asdf",
    },
    "timelineBlob": "[{"id":"playlist_randomId9000_status","objectType":"rundown","enable":{"while":1},"layer":"rundown_status","content":{"deviceType":"ABSTRACT"},"classes":["rundown_active"],"priority":0},{"id":"part_group_randomId9000_part0_0_randomId9007","objectType":"rundown","enable":{"start":"now"},"priority":5,"layer":"","content":{"deviceType":"ABSTRACT","type":"group"},"children":[],"isGroup":true,"metaData":{"isPieceTimeline":true}},{"id":"part_group_firstobject_randomId9000_part0_0_randomId9007","objectType":"rundown","enable":{"start":0},"layer":"group_first_object","content":{"deviceType":"ABSTRACT","type":"callback","callBack":"partPlaybackStarted","callBackData":{"rundownPlaylistId":"playlist_randomId9000","partInstanceId":"randomId9000_part0_0_randomId9007"},"callBackStopped":"partPlaybackStopped"},"inGroup":"part_group_randomId9000_part0_0_randomId9007","classes":[],"priority":0},{"id":"piece_group_control_randomId9000_part0_0_randomId9007_randomId9000_piece001","objectType":"rundown","enable":{"start":0},"layer":"vt0","priority":5,"content":{"deviceType":"ABSTRACT","type":"callback","callBack":"piecePlaybackStarted","callBackData":{"rundownPlaylistId":"playlist_randomId9000","partInstanceId":"randomId9000_part0_0_randomId9007","pieceInstanceId":"randomId9000_part0_0_randomId9007_randomId9000_piece001","dynamicallyInserted":false},"callBackStopped":"piecePlaybackStopped"},"classes":["current_part"],"inGroup":"part_group_randomId9000_part0_0_randomId9007","metaData":{"isPieceTimeline":true,"triggerPieceInstanceId":"randomId9000_part0_0_randomId9007_randomId9000_piece001"}},{"id":"piece_group_randomId9000_part0_0_randomId9007_randomId9000_piece001","content":{"deviceType":"ABSTRACT","type":"group"},"children":[],"inGroup":"part_group_randomId9000_part0_0_randomId9007","isGroup":true,"objectType":"rundown","enable":{"start":"#piece_group_control_randomId9000_part0_0_randomId9007_randomId9000_piece001.start - 0","end":"#piece_group_control_randomId9000_part0_0_randomId9007_randomId9000_piece001.end + 0"},"layer":"","metaData":{"isPieceTimeline":true,"pieceInstanceGroupId":"randomId9000_part0_0_randomId9007_randomId9000_piece001"},"priority":0}]",
    "timelineHash": "randomId9010",
  },
]
`;

exports[`Playout API Basic rundown control 2`] = `
{
  "_id": "randomId9000",
  "created": 0,
  "externalId": "MOCK_RUNDOWN",
  "importVersions": {
    "blueprint": "",
    "core": "",
    "showStyleBase": "",
    "showStyleVariant": "",
    "studio": "",
  },
  "modified": 0,
  "name": "Default Rundown",
  "organizationId": null,
  "playlistId": "playlist_randomId9000",
  "showStyleBaseId": "mockShowStyleBase0",
  "showStyleVariantId": "mockShowStyleVariant0",
  "source": {
    "type": "http",
  },
  "studioId": "mockStudio0",
  "timing": {
    "type": "none",
  },
}
`;

exports[`Playout API Basic rundown control 3`] = `
[
  {
    "_id": "mockStudio0",
    "generated": 12345,
    "generationVersions": {
      "blueprintId": "studioBlueprint0",
      "blueprintVersion": "0.0.0",
      "core": "0.0.0-test",
      "studio": "asdf",
    },
    "timelineBlob": "[]",
    "timelineHash": "randomId9011",
  },
]
`;

exports[`Playout API Basic rundown control 4`] = `
{
  "_id": "playlist_randomId9000",
  "created": 0,
  "currentPartInfo": null,
  "externalId": "MOCK_RUNDOWNPLAYLIST",
  "holdState": 0,
  "modified": 0,
  "name": "Default RundownPlaylist",
  "nextPartInfo": null,
  "nextTimeOffset": null,
  "organizationId": null,
  "previousPartInfo": null,
  "rehearsal": false,
  "resetTime": 0,
  "rundownIdsInOrder": [],
  "studioId": "mockStudio0",
  "timing": {
    "type": "none",
  },
}
`;

exports[`Playout API Basic rundown control 5`] = `
{
  "_id": "randomId9000",
  "created": 0,
  "externalId": "MOCK_RUNDOWN",
  "importVersions": {
    "blueprint": "",
    "core": "",
    "showStyleBase": "",
    "showStyleVariant": "",
    "studio": "",
  },
  "modified": 0,
  "name": "Default Rundown",
  "organizationId": null,
  "playlistId": "playlist_randomId9000",
  "showStyleBaseId": "mockShowStyleBase0",
  "showStyleVariantId": "mockShowStyleVariant0",
  "source": {
    "type": "http",
  },
  "studioId": "mockStudio0",
  "timing": {
    "type": "none",
  },
}
`;
